!Design
id: test
children:
- !Definition
  id: supported-code-annotations
  text: The different source code annotations formats supported by our parser (to extract information about tests)
  children:
  - !Definition
    id: doxygen-doc-format
  - !Definition
    id: python-unittest-format
- !Requirement
  id: req-extract-tests
  text: Links between tests and statements can be extracted from the sources of the tests (if properly annotated)
  children:
  - !Specification
    id: spec-extract-tests
    text: Links between tests and statements can be extracted from the sources of the tests in different <supported-code-annotations>
    children:
    - !Specification
      id: spec-extract-tests-doxygen-doc-format
      text: Links between tests and statements can be extracted from the sources of the tests in different <supported-code-annotations> (doxygen-doc-format)
    - !Specification
      id: spec-extract-tests-python-unittest-format
      text: Links between tests and statements can be extracted from the sources of the tests in different <supported-code-annotations> (python-unittest-format)
- !Section
  text: Test section
  children:
  - !TestList
    id: my-python-test-list
    text: Tests with python unittest module
    children:
    - !Test
      id: test_python_unittest.TestTestListFromPythonUnitTest.test_spec_extract_tests_python_unittest_format
      text: Test
      type: automatic
      verify_id: spec-extract-tests-python-unittest-format
